// Jest Snapshot v1, https://goo.gl/fbAQLP

exports[`Work renders 1`] = `ShallowWrapper {}`;
